
ch32v003_RCWL-0516.elf:     file format elf32-littleriscv
ch32v003_RCWL-0516.elf
architecture: riscv:rv32, flags 0x00000112:
EXEC_P, HAS_SYMS, D_PAGED
start address 0x00000000

Program Header:
    LOAD off    0x00001000 vaddr 0x00000000 paddr 0x00000000 align 2**12
         filesz 0x00000e44 memsz 0x00000e44 flags r-x
    LOAD off    0x00002000 vaddr 0x20000000 paddr 0x00000e44 align 2**12
         filesz 0x00000038 memsz 0x00000040 flags rw-
    LOAD off    0x00002700 vaddr 0x20000700 paddr 0x20000700 align 2**12
         filesz 0x00000000 memsz 0x00000100 flags rw-

Sections:
Idx Name          Size      VMA       LMA       File off  Algn
  0 .init         000000a0  00000000  00000000  00001000  2**2
                  CONTENTS, ALLOC, LOAD, READONLY, CODE
  1 .highcodelalign 00000000  000000a0  000000a0  00002038  2**0
                  CONTENTS
  2 .highcode     00000000  20000000  20000000  00002038  2**0
                  CONTENTS
  3 .text         00000da4  000000a0  000000a0  000010a0  2**2
                  CONTENTS, ALLOC, LOAD, READONLY, CODE
  4 .fini         00000000  00000e44  00000e44  00002038  2**0
                  CONTENTS, ALLOC, LOAD, CODE
  5 .dalign       00000000  20000000  20000000  00002038  2**0
                  CONTENTS
  6 .dlalign      00000000  00000e44  00000e44  00002038  2**0
                  CONTENTS
  7 .data         00000038  20000000  00000e44  00002000  2**2
                  CONTENTS, ALLOC, LOAD, DATA
  8 .bss          00000008  20000038  00000e7c  00002038  2**2
                  ALLOC
  9 .stack        00000100  20000700  20000700  00002700  2**0
                  ALLOC
 10 .debug_info   000083cd  00000000  00000000  00002038  2**0
                  CONTENTS, READONLY, DEBUGGING
 11 .debug_abbrev 00001a4f  00000000  00000000  0000a405  2**0
                  CONTENTS, READONLY, DEBUGGING
 12 .debug_aranges 00000400  00000000  00000000  0000be58  2**3
                  CONTENTS, READONLY, DEBUGGING
 13 .debug_ranges 000003d0  00000000  00000000  0000c258  2**3
                  CONTENTS, READONLY, DEBUGGING
 14 .debug_line   00004e51  00000000  00000000  0000c628  2**0
                  CONTENTS, READONLY, DEBUGGING
 15 .debug_str    0000164a  00000000  00000000  00011479  2**0
                  CONTENTS, READONLY, DEBUGGING
 16 .comment      00000033  00000000  00000000  00012ac3  2**0
                  CONTENTS, READONLY
 17 .debug_frame  00000804  00000000  00000000  00012af8  2**2
                  CONTENTS, READONLY, DEBUGGING
 18 .debug_loc    000015ae  00000000  00000000  000132fc  2**0
                  CONTENTS, READONLY, DEBUGGING
SYMBOL TABLE:
00000000 l    d  .init	00000000 .init
000000a0 l    d  .highcodelalign	00000000 .highcodelalign
20000000 l    d  .highcode	00000000 .highcode
000000a0 l    d  .text	00000000 .text
00000e44 l    d  .fini	00000000 .fini
20000000 l    d  .dalign	00000000 .dalign
00000e44 l    d  .dlalign	00000000 .dlalign
20000000 l    d  .data	00000000 .data
20000038 l    d  .bss	00000000 .bss
20000700 l    d  .stack	00000000 .stack
00000000 l    d  .debug_info	00000000 .debug_info
00000000 l    d  .debug_abbrev	00000000 .debug_abbrev
00000000 l    d  .debug_aranges	00000000 .debug_aranges
00000000 l    d  .debug_ranges	00000000 .debug_ranges
00000000 l    d  .debug_line	00000000 .debug_line
00000000 l    d  .debug_str	00000000 .debug_str
00000000 l    d  .comment	00000000 .comment
00000000 l    d  .debug_frame	00000000 .debug_frame
00000000 l    d  .debug_loc	00000000 .debug_loc
00000000 l    df *ABS*	00000000 ch32v00x_it.c
00000000 l    df *ABS*	00000000 main.c
00000000 l    df *ABS*	00000000 system_ch32v00x.c
00000000 l    df *ABS*	00000000 ch32v00x_dbgmcu.c
00000000 l    df *ABS*	00000000 ch32v00x_gpio.c
00000000 l    df *ABS*	00000000 ch32v00x_misc.c
00000000 l    df *ABS*	00000000 ch32v00x_rcc.c
20000014 l     O .data	00000014 ADCPrescTable
20000028 l     O .data	00000010 APBAHBPrescTable
00000000 l    df *ABS*	00000000 ch32v00x_usart.c
00000000 l    df *ABS*	00000000 debug.c
2000003c l     O .bss	00000002 p_ms
2000003e l     O .bss	00000001 p_us
00000000 l    df *ABS*	00000000 wchprintf.c
00000a50  w    F .text	00000004 printDouble
00000a54  w    F .text	00000352 print
0000052c g     F .text	0000000a GPIO_ReadOutputDataBit
00000da6  w    F .text	00000022 printf
20000838 g       .data	00000000 __global_pointer$
000003ea  w      .text	00000000 TIM1_CC_IRQHandler
0000014c g     F .text	00000010 HardFault_Handler
0000093e  w    F .text	0000010e printInt
000003ea  w      .text	00000000 SysTick_Handler
000003ea  w      .text	00000000 PVD_IRQHandler
0000014a g     F .text	00000002 NMI_Handler
0000049c g     F .text	0000000a DBGMCU_GetCHIPID
000006f4 g     F .text	0000000a USART_GetFlagStatus
20000038 g       .bss	00000000 _sbss
00000100 g       *ABS*	00000000 __stack_size
00000770 g     F .text	00000054 USART_Printf_Init
000000aa g     F .text	0000000a .hidden __riscv_restore_2
00000a4c  w    F .text	00000004 printLongLongInt
00000dc8 g     F .text	0000004a puts
20000010 g     O .data	00000004 SystemCoreClock
000000d4 g     F .text	0000002c .hidden __udivsi3
000000a0 g       .init	00000000 _einit
000005f8 g     F .text	0000001e RCC_APB2PeriphClockCmd
000004a6 g     F .text	0000007c GPIO_Init
20000038 g     O .bss	00000004 NVIC_Priority_Group
000003ea  w      .text	00000000 SPI1_IRQHandler
000006d6 g     F .text	00000016 USART_Cmd
000000a0 g     F .text	0000000a .hidden __riscv_save_1
000000aa g     F .text	0000000a .hidden __riscv_restore_0
000003ea  w      .text	00000000 AWU_IRQHandler
000003ea  w      .text	00000000 EXTI7_0_IRQHandler
00000186 g     F .text	00000018 radar_motion_detected
20000700 g       .stack	00000000 _heap_end
000003ea  w      .text	00000000 DMA1_Channel4_IRQHandler
000003ea  w      .text	00000000 ADC1_IRQHandler
20000040 g       .bss	00000000 _ebss
000003ea  w      .text	00000000 DMA1_Channel7_IRQHandler
000006fe g     F .text	00000038 Delay_Init
00000536 g     F .text	0000000a GPIO_WriteBit
00000100 g     F .text	00000008 .hidden __umodsi3
000003ea  w      .text	00000000 I2C1_EV_IRQHandler
0000055c g     F .text	0000009c RCC_GetClocksFreq
000003ea  w      .text	00000000 DMA1_Channel6_IRQHandler
00000616 g     F .text	000000c0 USART_Init
000003ea  w      .text	00000000 RCC_IRQHandler
000003ea  w      .text	00000000 TIM1_TRG_COM_IRQHandler
000003ea  w      .text	00000000 DMA1_Channel1_IRQHandler
00000000 g       .init	00000000 _start
20000000 g     O .data	00000010 AHBPrescTable
00000858  w    F .text	000000e6 prints
20000000 g       .highcode	00000000 _highcode_vma_start
000000b4 g     F .text	00000014 .hidden __mulsi3
20000000 g       .dalign	00000000 _data_vma
0000054a g     F .text	00000012 RCC_AdjustHSICalibrationValue
000001dc g     F .text	00000074 main
000003ea  w      .text	00000000 DMA1_Channel5_IRQHandler
000000cc g     F .text	00000058 .hidden __divsi3
00000736 g     F .text	0000003a Delay_Ms
000000a0 g       .highcodelalign	00000000 _highcode_lma
000001c2 g     F .text	0000001a led_toggle
00000250 g     F .text	00000132 SystemInit
00000810  w    F .text	00000048 printchar
00000000 g       .init	00000000 _sinit
000003ea  w      .text	00000000 DMA1_Channel3_IRQHandler
000003ea  w      .text	00000000 TIM1_UP_IRQHandler
000003ea  w      .text	00000000 WWDG_IRQHandler
000003ea  w      .text	00000000 TIM2_IRQHandler
0000019e g     F .text	00000024 led_init
20000800 g       .stack	00000000 _eusrstack
000000a0 g     F .text	0000000a .hidden __riscv_save_2
000003ea  w      .text	00000000 SW_Handler
000003ea  w      .text	00000000 TIM1_BRK_IRQHandler
000006ec g     F .text	00000008 USART_SendData
000007c4 g     F .text	0000004c _write
20000038 g       .data	00000000 _edata
20000040 g       .bss	00000000 _end
20000000 g       .highcode	00000000 _highcode_vma_end
00000e44 g       .dlalign	00000000 _data_lma
00000382 g     F .text	00000068 SystemCoreClockUpdate
00000124 g     F .text	00000024 .hidden __modsi3
000003ea  w      .text	00000000 DMA1_Channel2_IRQHandler
000003ec  w      .text	00000000 handle_reset
000003ea  w      .text	00000000 FLASH_IRQHandler
000000a0 g     F .text	0000000a .hidden __riscv_save_0
000003ea  w      .text	00000000 USART1_IRQHandler
000003ea  w      .text	00000000 I2C1_ER_IRQHandler
00000540 g     F .text	0000000a NVIC_PriorityGroupConfig
000000aa g     F .text	0000000a .hidden __riscv_restore_1
00000522 g     F .text	0000000a GPIO_ReadInputDataBit
0000015c g     F .text	0000002a radar_init



Disassembly of section .init:

00000000 <_sinit>:
   0:	3ec0006f          	j	3ec <handle_reset>
   4:	0000                	unimp
   6:	0000                	unimp
   8:	014a                	slli	sp,sp,0x12
   a:	0000                	unimp
   c:	014c                	addi	a1,sp,132
	...
  2e:	0000                	unimp
  30:	03ea                	slli	t2,t2,0x1a
  32:	0000                	unimp
  34:	0000                	unimp
  36:	0000                	unimp
  38:	03ea                	slli	t2,t2,0x1a
  3a:	0000                	unimp
  3c:	0000                	unimp
  3e:	0000                	unimp
  40:	03ea                	slli	t2,t2,0x1a
  42:	0000                	unimp
  44:	03ea                	slli	t2,t2,0x1a
  46:	0000                	unimp
  48:	03ea                	slli	t2,t2,0x1a
  4a:	0000                	unimp
  4c:	03ea                	slli	t2,t2,0x1a
  4e:	0000                	unimp
  50:	03ea                	slli	t2,t2,0x1a
  52:	0000                	unimp
  54:	03ea                	slli	t2,t2,0x1a
  56:	0000                	unimp
  58:	03ea                	slli	t2,t2,0x1a
  5a:	0000                	unimp
  5c:	03ea                	slli	t2,t2,0x1a
  5e:	0000                	unimp
  60:	03ea                	slli	t2,t2,0x1a
  62:	0000                	unimp
  64:	03ea                	slli	t2,t2,0x1a
  66:	0000                	unimp
  68:	03ea                	slli	t2,t2,0x1a
  6a:	0000                	unimp
  6c:	03ea                	slli	t2,t2,0x1a
  6e:	0000                	unimp
  70:	03ea                	slli	t2,t2,0x1a
  72:	0000                	unimp
  74:	03ea                	slli	t2,t2,0x1a
  76:	0000                	unimp
  78:	03ea                	slli	t2,t2,0x1a
  7a:	0000                	unimp
  7c:	03ea                	slli	t2,t2,0x1a
  7e:	0000                	unimp
  80:	03ea                	slli	t2,t2,0x1a
  82:	0000                	unimp
  84:	03ea                	slli	t2,t2,0x1a
  86:	0000                	unimp
  88:	03ea                	slli	t2,t2,0x1a
  8a:	0000                	unimp
  8c:	03ea                	slli	t2,t2,0x1a
  8e:	0000                	unimp
  90:	03ea                	slli	t2,t2,0x1a
  92:	0000                	unimp
  94:	03ea                	slli	t2,t2,0x1a
  96:	0000                	unimp
  98:	03ea                	slli	t2,t2,0x1a
  9a:	0000                	unimp
  9c:	0000                	unimp
	...

Disassembly of section .text:

000000a0 <__riscv_save_0>:
  a0:	1151                	addi	sp,sp,-12
  a2:	c026                	sw	s1,0(sp)
  a4:	c222                	sw	s0,4(sp)
  a6:	c406                	sw	ra,8(sp)
  a8:	8282                	jr	t0

000000aa <__riscv_restore_0>:
  aa:	4482                	lw	s1,0(sp)
  ac:	4412                	lw	s0,4(sp)
  ae:	40a2                	lw	ra,8(sp)
  b0:	0131                	addi	sp,sp,12
  b2:	8082                	ret

000000b4 <__mulsi3>:
  b4:	862a                	mv	a2,a0
  b6:	4501                	li	a0,0
  b8:	0015f693          	andi	a3,a1,1
  bc:	c291                	beqz	a3,c0 <__mulsi3+0xc>
  be:	9532                	add	a0,a0,a2
  c0:	8185                	srli	a1,a1,0x1
  c2:	0606                	slli	a2,a2,0x1
  c4:	f9f5                	bnez	a1,b8 <__mulsi3+0x4>
  c6:	8082                	ret
  c8:	0000                	unimp
	...

000000cc <__divsi3>:
  cc:	02054e63          	bltz	a0,108 <__umodsi3+0x8>
  d0:	0405c363          	bltz	a1,116 <__umodsi3+0x16>

000000d4 <__udivsi3>:
  d4:	862e                	mv	a2,a1
  d6:	85aa                	mv	a1,a0
  d8:	557d                	li	a0,-1
  da:	c215                	beqz	a2,fe <__udivsi3+0x2a>
  dc:	4685                	li	a3,1
  de:	00b67863          	bgeu	a2,a1,ee <__udivsi3+0x1a>
  e2:	00c05663          	blez	a2,ee <__udivsi3+0x1a>
  e6:	0606                	slli	a2,a2,0x1
  e8:	0686                	slli	a3,a3,0x1
  ea:	feb66ce3          	bltu	a2,a1,e2 <__udivsi3+0xe>
  ee:	4501                	li	a0,0
  f0:	00c5e463          	bltu	a1,a2,f8 <__udivsi3+0x24>
  f4:	8d91                	sub	a1,a1,a2
  f6:	8d55                	or	a0,a0,a3
  f8:	8285                	srli	a3,a3,0x1
  fa:	8205                	srli	a2,a2,0x1
  fc:	faf5                	bnez	a3,f0 <__udivsi3+0x1c>
  fe:	8082                	ret

00000100 <__umodsi3>:
 100:	8286                	mv	t0,ra
 102:	3fc9                	jal	d4 <__udivsi3>
 104:	852e                	mv	a0,a1
 106:	8282                	jr	t0
 108:	40a00533          	neg	a0,a0
 10c:	0005d763          	bgez	a1,11a <__umodsi3+0x1a>
 110:	40b005b3          	neg	a1,a1
 114:	b7c1                	j	d4 <__udivsi3>
 116:	40b005b3          	neg	a1,a1
 11a:	8286                	mv	t0,ra
 11c:	3f65                	jal	d4 <__udivsi3>
 11e:	40a00533          	neg	a0,a0
 122:	8282                	jr	t0

00000124 <__modsi3>:
 124:	8286                	mv	t0,ra
 126:	0005c763          	bltz	a1,134 <__modsi3+0x10>
 12a:	00054963          	bltz	a0,13c <__modsi3+0x18>
 12e:	375d                	jal	d4 <__udivsi3>
 130:	852e                	mv	a0,a1
 132:	8282                	jr	t0
 134:	40b005b3          	neg	a1,a1
 138:	fe055be3          	bgez	a0,12e <__modsi3+0xa>
 13c:	40a00533          	neg	a0,a0
 140:	3f51                	jal	d4 <__udivsi3>
 142:	40b00533          	neg	a0,a1
 146:	8282                	jr	t0
	...

0000014a <NMI_Handler>:
 14a:	a001                	j	14a <NMI_Handler>

0000014c <HardFault_Handler>:
 14c:	beef07b7          	lui	a5,0xbeef0
 150:	e000e737          	lui	a4,0xe000e
 154:	08078793          	addi	a5,a5,128 # beef0080 <__global_pointer$+0x9eeef848>
 158:	c73c                	sw	a5,72(a4)
 15a:	a001                	j	15a <HardFault_Handler+0xe>

0000015c <radar_init>:
 15c:	f45ff2ef          	jal	t0,a0 <__riscv_save_0>
 160:	1151                	addi	sp,sp,-12
 162:	4585                	li	a1,1
 164:	02000513          	li	a0,32
 168:	2941                	jal	5f8 <RCC_APB2PeriphClockCmd>
 16a:	47c1                	li	a5,16
 16c:	807c                	sh	a5,0(sp)
 16e:	40011537          	lui	a0,0x40011
 172:	4791                	li	a5,4
 174:	c43e                	sw	a5,8(sp)
 176:	858a                	mv	a1,sp
 178:	478d                	li	a5,3
 17a:	40050513          	addi	a0,a0,1024 # 40011400 <__global_pointer$+0x20010bc8>
 17e:	c23e                	sw	a5,4(sp)
 180:	261d                	jal	4a6 <GPIO_Init>
 182:	0131                	addi	sp,sp,12
 184:	b71d                	j	aa <__riscv_restore_0>

00000186 <radar_motion_detected>:
 186:	f1bff2ef          	jal	t0,a0 <__riscv_save_0>
 18a:	40011537          	lui	a0,0x40011
 18e:	45c1                	li	a1,16
 190:	40050513          	addi	a0,a0,1024 # 40011400 <__global_pointer$+0x20010bc8>
 194:	2679                	jal	522 <GPIO_ReadInputDataBit>
 196:	157d                	addi	a0,a0,-1
 198:	00153513          	seqz	a0,a0
 19c:	b739                	j	aa <__riscv_restore_0>

0000019e <led_init>:
 19e:	f03ff2ef          	jal	t0,a0 <__riscv_save_0>
 1a2:	1151                	addi	sp,sp,-12
 1a4:	4585                	li	a1,1
 1a6:	4541                	li	a0,16
 1a8:	2981                	jal	5f8 <RCC_APB2PeriphClockCmd>
 1aa:	4785                	li	a5,1
 1ac:	807c                	sh	a5,0(sp)
 1ae:	47c1                	li	a5,16
 1b0:	c43e                	sw	a5,8(sp)
 1b2:	858a                	mv	a1,sp
 1b4:	478d                	li	a5,3
 1b6:	40011537          	lui	a0,0x40011
 1ba:	c23e                	sw	a5,4(sp)
 1bc:	24ed                	jal	4a6 <GPIO_Init>
 1be:	0131                	addi	sp,sp,12
 1c0:	b5ed                	j	aa <__riscv_restore_0>

000001c2 <led_toggle>:
 1c2:	edfff2ef          	jal	t0,a0 <__riscv_save_0>
 1c6:	4585                	li	a1,1
 1c8:	40011537          	lui	a0,0x40011
 1cc:	2685                	jal	52c <GPIO_ReadOutputDataBit>
 1ce:	00153613          	seqz	a2,a0
 1d2:	4585                	li	a1,1
 1d4:	40011537          	lui	a0,0x40011
 1d8:	2eb9                	jal	536 <GPIO_WriteBit>
 1da:	bdc1                	j	aa <__riscv_restore_0>

000001dc <main>:
 1dc:	ec5ff2ef          	jal	t0,a0 <__riscv_save_0>
 1e0:	4505                	li	a0,1
 1e2:	2eb9                	jal	540 <NVIC_PriorityGroupConfig>
 1e4:	2a79                	jal	382 <SystemCoreClockUpdate>
 1e6:	2b21                	jal	6fe <Delay_Init>
 1e8:	6571                	lui	a0,0x1c
 1ea:	20050513          	addi	a0,a0,512 # 1c200 <_data_lma+0x1b3bc>
 1ee:	2349                	jal	770 <USART_Printf_Init>
 1f0:	37b5                	jal	15c <radar_init>
 1f2:	3775                	jal	19e <led_init>
 1f4:	37f9                	jal	1c2 <led_toggle>
 1f6:	200007b7          	lui	a5,0x20000
 1fa:	0107a583          	lw	a1,16(a5) # 20000010 <SystemCoreClock>
 1fe:	00001537          	lui	a0,0x1
 202:	e1450513          	addi	a0,a0,-492 # e14 <puts+0x4c>
 206:	3a1000ef          	jal	ra,da6 <printf>
 20a:	2c49                	jal	49c <DBGMCU_GetCHIPID>
 20c:	85aa                	mv	a1,a0
 20e:	00001537          	lui	a0,0x1
 212:	e2450513          	addi	a0,a0,-476 # e24 <puts+0x5c>
 216:	391000ef          	jal	ra,da6 <printf>
 21a:	00001437          	lui	s0,0x1
 21e:	37a5                	jal	186 <radar_motion_detected>
 220:	c105                	beqz	a0,240 <main+0x64>
 222:	40011537          	lui	a0,0x40011
 226:	4605                	li	a2,1
 228:	4585                	li	a1,1
 22a:	2631                	jal	536 <GPIO_WriteBit>
 22c:	00001537          	lui	a0,0x1
 230:	e3450513          	addi	a0,a0,-460 # e34 <puts+0x6c>
 234:	395000ef          	jal	ra,dc8 <puts>
 238:	0c800513          	li	a0,200
 23c:	29ed                	jal	736 <Delay_Ms>
 23e:	b7c5                	j	21e <main+0x42>
 240:	40011537          	lui	a0,0x40011
 244:	4601                	li	a2,0
 246:	4585                	li	a1,1
 248:	24fd                	jal	536 <GPIO_WriteBit>
 24a:	e3840513          	addi	a0,s0,-456 # e38 <puts+0x70>
 24e:	b7dd                	j	234 <main+0x58>

00000250 <SystemInit>:
 250:	e51ff2ef          	jal	t0,a0 <__riscv_save_0>
 254:	40021437          	lui	s0,0x40021
 258:	401c                	lw	a5,0(s0)
 25a:	f8ff0737          	lui	a4,0xf8ff0
 25e:	1161                	addi	sp,sp,-8
 260:	0017e793          	ori	a5,a5,1
 264:	c01c                	sw	a5,0(s0)
 266:	405c                	lw	a5,4(s0)
 268:	4541                	li	a0,16
 26a:	8ff9                	and	a5,a5,a4
 26c:	c05c                	sw	a5,4(s0)
 26e:	401c                	lw	a5,0(s0)
 270:	fef70737          	lui	a4,0xfef70
 274:	177d                	addi	a4,a4,-1
 276:	8ff9                	and	a5,a5,a4
 278:	c01c                	sw	a5,0(s0)
 27a:	401c                	lw	a5,0(s0)
 27c:	fffc0737          	lui	a4,0xfffc0
 280:	177d                	addi	a4,a4,-1
 282:	8ff9                	and	a5,a5,a4
 284:	c01c                	sw	a5,0(s0)
 286:	405c                	lw	a5,4(s0)
 288:	7741                	lui	a4,0xffff0
 28a:	177d                	addi	a4,a4,-1
 28c:	8ff9                	and	a5,a5,a4
 28e:	c05c                	sw	a5,4(s0)
 290:	009f07b7          	lui	a5,0x9f0
 294:	c41c                	sw	a5,8(s0)
 296:	2c55                	jal	54a <RCC_AdjustHSICalibrationValue>
 298:	4c1c                	lw	a5,24(s0)
 29a:	00020637          	lui	a2,0x20
 29e:	0207e793          	ori	a5,a5,32
 2a2:	cc1c                	sw	a5,24(s0)
 2a4:	400117b7          	lui	a5,0x40011
 2a8:	4007a703          	lw	a4,1024(a5) # 40011400 <__global_pointer$+0x20010bc8>
 2ac:	40078693          	addi	a3,a5,1024
 2b0:	f0f77713          	andi	a4,a4,-241
 2b4:	40e7a023          	sw	a4,1024(a5)
 2b8:	4007a703          	lw	a4,1024(a5)
 2bc:	08076713          	ori	a4,a4,128
 2c0:	40e7a023          	sw	a4,1024(a5)
 2c4:	4789                	li	a5,2
 2c6:	ca9c                	sw	a5,16(a3)
 2c8:	c002                	sw	zero,0(sp)
 2ca:	c202                	sw	zero,4(sp)
 2cc:	4c1c                	lw	a5,24(s0)
 2ce:	40010737          	lui	a4,0x40010
 2d2:	66a1                	lui	a3,0x8
 2d4:	0017e793          	ori	a5,a5,1
 2d8:	cc1c                	sw	a5,24(s0)
 2da:	435c                	lw	a5,4(a4)
 2dc:	8fd5                	or	a5,a5,a3
 2de:	c35c                	sw	a5,4(a4)
 2e0:	401c                	lw	a5,0(s0)
 2e2:	6741                	lui	a4,0x10
 2e4:	400216b7          	lui	a3,0x40021
 2e8:	8fd9                	or	a5,a5,a4
 2ea:	c01c                	sw	a5,0(s0)
 2ec:	6709                	lui	a4,0x2
 2ee:	429c                	lw	a5,0(a3)
 2f0:	8ff1                	and	a5,a5,a2
 2f2:	c23e                	sw	a5,4(sp)
 2f4:	4782                	lw	a5,0(sp)
 2f6:	0785                	addi	a5,a5,1
 2f8:	c03e                	sw	a5,0(sp)
 2fa:	4792                	lw	a5,4(sp)
 2fc:	e781                	bnez	a5,304 <SystemInit+0xb4>
 2fe:	4782                	lw	a5,0(sp)
 300:	fee797e3          	bne	a5,a4,2ee <SystemInit+0x9e>
 304:	400217b7          	lui	a5,0x40021
 308:	439c                	lw	a5,0(a5)
 30a:	00e79713          	slli	a4,a5,0xe
 30e:	06075863          	bgez	a4,37e <SystemInit+0x12e>
 312:	4785                	li	a5,1
 314:	c23e                	sw	a5,4(sp)
 316:	4712                	lw	a4,4(sp)
 318:	4785                	li	a5,1
 31a:	06f71063          	bne	a4,a5,37a <SystemInit+0x12a>
 31e:	400227b7          	lui	a5,0x40022
 322:	4398                	lw	a4,0(a5)
 324:	76c1                	lui	a3,0xffff0
 326:	16fd                	addi	a3,a3,-1
 328:	9b71                	andi	a4,a4,-4
 32a:	c398                	sw	a4,0(a5)
 32c:	4398                	lw	a4,0(a5)
 32e:	00176713          	ori	a4,a4,1
 332:	c398                	sw	a4,0(a5)
 334:	400217b7          	lui	a5,0x40021
 338:	43d8                	lw	a4,4(a5)
 33a:	c3d8                	sw	a4,4(a5)
 33c:	43d8                	lw	a4,4(a5)
 33e:	8f75                	and	a4,a4,a3
 340:	c3d8                	sw	a4,4(a5)
 342:	43d8                	lw	a4,4(a5)
 344:	66c1                	lui	a3,0x10
 346:	8f55                	or	a4,a4,a3
 348:	c3d8                	sw	a4,4(a5)
 34a:	4398                	lw	a4,0(a5)
 34c:	010006b7          	lui	a3,0x1000
 350:	8f55                	or	a4,a4,a3
 352:	c398                	sw	a4,0(a5)
 354:	4398                	lw	a4,0(a5)
 356:	00671693          	slli	a3,a4,0x6
 35a:	fe06dde3          	bgez	a3,354 <SystemInit+0x104>
 35e:	43d8                	lw	a4,4(a5)
 360:	400216b7          	lui	a3,0x40021
 364:	9b71                	andi	a4,a4,-4
 366:	c3d8                	sw	a4,4(a5)
 368:	43d8                	lw	a4,4(a5)
 36a:	00276713          	ori	a4,a4,2
 36e:	c3d8                	sw	a4,4(a5)
 370:	4721                	li	a4,8
 372:	42dc                	lw	a5,4(a3)
 374:	8bb1                	andi	a5,a5,12
 376:	fee79ee3          	bne	a5,a4,372 <SystemInit+0x122>
 37a:	0121                	addi	sp,sp,8
 37c:	b33d                	j	aa <__riscv_restore_0>
 37e:	c202                	sw	zero,4(sp)
 380:	bf59                	j	316 <SystemInit+0xc6>

00000382 <SystemCoreClockUpdate>:
 382:	d1fff2ef          	jal	t0,a0 <__riscv_save_0>
 386:	40021737          	lui	a4,0x40021
 38a:	435c                	lw	a5,4(a4)
 38c:	20000437          	lui	s0,0x20000
 390:	4691                	li	a3,4
 392:	8bb1                	andi	a5,a5,12
 394:	01040413          	addi	s0,s0,16 # 20000010 <SystemCoreClock>
 398:	00d78563          	beq	a5,a3,3a2 <SystemCoreClockUpdate+0x20>
 39c:	46a1                	li	a3,8
 39e:	04d78063          	beq	a5,a3,3de <SystemCoreClockUpdate+0x5c>
 3a2:	016e37b7          	lui	a5,0x16e3
 3a6:	60078793          	addi	a5,a5,1536 # 16e3600 <_data_lma+0x16e27bc>
 3aa:	c01c                	sw	a5,0(s0)
 3ac:	400216b7          	lui	a3,0x40021
 3b0:	42dc                	lw	a5,4(a3)
 3b2:	4008                	lw	a0,0(s0)
 3b4:	8391                	srli	a5,a5,0x4
 3b6:	00f7f713          	andi	a4,a5,15
 3ba:	200007b7          	lui	a5,0x20000
 3be:	00078793          	mv	a5,a5
 3c2:	97ba                	add	a5,a5,a4
 3c4:	238c                	lbu	a1,0(a5)
 3c6:	42dc                	lw	a5,4(a3)
 3c8:	0ff5f593          	andi	a1,a1,255
 3cc:	0807f793          	andi	a5,a5,128
 3d0:	00b55733          	srl	a4,a0,a1
 3d4:	e399                	bnez	a5,3da <SystemCoreClockUpdate+0x58>
 3d6:	39fd                	jal	d4 <__udivsi3>
 3d8:	872a                	mv	a4,a0
 3da:	c018                	sw	a4,0(s0)
 3dc:	b1f9                	j	aa <__riscv_restore_0>
 3de:	435c                	lw	a5,4(a4)
 3e0:	02dc77b7          	lui	a5,0x2dc7
 3e4:	c0078793          	addi	a5,a5,-1024 # 2dc6c00 <_data_lma+0x2dc5dbc>
 3e8:	b7c9                	j	3aa <SystemCoreClockUpdate+0x28>

000003ea <ADC1_IRQHandler>:
 3ea:	a001                	j	3ea <ADC1_IRQHandler>

000003ec <handle_reset>:
 3ec:	20000197          	auipc	gp,0x20000
 3f0:	44c18193          	addi	gp,gp,1100 # 20000838 <__global_pointer$>
 3f4:	fc818113          	addi	sp,gp,-56 # 20000800 <_eusrstack>
 3f8:	0a000513          	li	a0,160
 3fc:	20000597          	auipc	a1,0x20000
 400:	c0458593          	addi	a1,a1,-1020 # 20000000 <_highcode_vma_end>
 404:	20000617          	auipc	a2,0x20000
 408:	bfc60613          	addi	a2,a2,-1028 # 20000000 <_highcode_vma_end>
 40c:	00c5fa63          	bgeu	a1,a2,420 <handle_reset+0x34>
 410:	00052283          	lw	t0,0(a0) # 40011000 <__global_pointer$+0x200107c8>
 414:	0055a023          	sw	t0,0(a1)
 418:	0511                	addi	a0,a0,4
 41a:	0591                	addi	a1,a1,4
 41c:	fec5eae3          	bltu	a1,a2,410 <handle_reset+0x24>
 420:	00001517          	auipc	a0,0x1
 424:	a2450513          	addi	a0,a0,-1500 # e44 <_data_lma>
 428:	20000597          	auipc	a1,0x20000
 42c:	bd858593          	addi	a1,a1,-1064 # 20000000 <_highcode_vma_end>
 430:	20000617          	auipc	a2,0x20000
 434:	c0860613          	addi	a2,a2,-1016 # 20000038 <_edata>
 438:	00c5fa63          	bgeu	a1,a2,44c <handle_reset+0x60>
 43c:	00052283          	lw	t0,0(a0)
 440:	0055a023          	sw	t0,0(a1)
 444:	0511                	addi	a0,a0,4
 446:	0591                	addi	a1,a1,4
 448:	fec5eae3          	bltu	a1,a2,43c <handle_reset+0x50>
 44c:	20000517          	auipc	a0,0x20000
 450:	bec50513          	addi	a0,a0,-1044 # 20000038 <_edata>
 454:	80818593          	addi	a1,gp,-2040 # 20000040 <_ebss>
 458:	00b57763          	bgeu	a0,a1,466 <handle_reset+0x7a>
 45c:	00052023          	sw	zero,0(a0)
 460:	0511                	addi	a0,a0,4
 462:	feb56de3          	bltu	a0,a1,45c <handle_reset+0x70>
 466:	000022b7          	lui	t0,0x2
 46a:	88028293          	addi	t0,t0,-1920 # 1880 <_data_lma+0xa3c>
 46e:	30029073          	csrw	mstatus,t0
 472:	428d                	li	t0,3
 474:	80429073          	csrw	0x804,t0
 478:	00000297          	auipc	t0,0x0
 47c:	b8828293          	addi	t0,t0,-1144 # 0 <_sinit>
 480:	0032e293          	ori	t0,t0,3
 484:	30529073          	csrw	mtvec,t0
 488:	dc9ff0ef          	jal	ra,250 <SystemInit>
 48c:	00000297          	auipc	t0,0x0
 490:	d5028293          	addi	t0,t0,-688 # 1dc <main>
 494:	34129073          	csrw	mepc,t0
 498:	30200073          	mret

0000049c <DBGMCU_GetCHIPID>:
 49c:	1ffff7b7          	lui	a5,0x1ffff
 4a0:	7c47a503          	lw	a0,1988(a5) # 1ffff7c4 <_data_lma+0x1fffe980>
 4a4:	8082                	ret

000004a6 <GPIO_Init>:
 4a6:	4594                	lw	a3,8(a1)
 4a8:	0106f793          	andi	a5,a3,16
 4ac:	00f6f293          	andi	t0,a3,15
 4b0:	c781                	beqz	a5,4b8 <GPIO_Init+0x12>
 4b2:	41dc                	lw	a5,4(a1)
 4b4:	00f2e2b3          	or	t0,t0,a5
 4b8:	0005d383          	lhu	t2,0(a1)
 4bc:	0ff3f793          	andi	a5,t2,255
 4c0:	c3a5                	beqz	a5,520 <GPIO_Init+0x7a>
 4c2:	00052303          	lw	t1,0(a0)
 4c6:	1161                	addi	sp,sp,-8
 4c8:	c222                	sw	s0,4(sp)
 4ca:	c026                	sw	s1,0(sp)
 4cc:	4781                	li	a5,0
 4ce:	02800413          	li	s0,40
 4d2:	04800493          	li	s1,72
 4d6:	4705                	li	a4,1
 4d8:	00f71633          	sll	a2,a4,a5
 4dc:	00c3f733          	and	a4,t2,a2
 4e0:	02e61263          	bne	a2,a4,504 <GPIO_Init+0x5e>
 4e4:	00279593          	slli	a1,a5,0x2
 4e8:	473d                	li	a4,15
 4ea:	00b71733          	sll	a4,a4,a1
 4ee:	fff74713          	not	a4,a4
 4f2:	00677333          	and	t1,a4,t1
 4f6:	00b295b3          	sll	a1,t0,a1
 4fa:	0065e333          	or	t1,a1,t1
 4fe:	00869d63          	bne	a3,s0,518 <GPIO_Init+0x72>
 502:	c950                	sw	a2,20(a0)
 504:	0785                	addi	a5,a5,1
 506:	4721                	li	a4,8
 508:	fce797e3          	bne	a5,a4,4d6 <GPIO_Init+0x30>
 50c:	4412                	lw	s0,4(sp)
 50e:	00652023          	sw	t1,0(a0)
 512:	4482                	lw	s1,0(sp)
 514:	0121                	addi	sp,sp,8
 516:	8082                	ret
 518:	fe9696e3          	bne	a3,s1,504 <GPIO_Init+0x5e>
 51c:	c910                	sw	a2,16(a0)
 51e:	b7dd                	j	504 <GPIO_Init+0x5e>
 520:	8082                	ret

00000522 <GPIO_ReadInputDataBit>:
 522:	4508                	lw	a0,8(a0)
 524:	8d6d                	and	a0,a0,a1
 526:	00a03533          	snez	a0,a0
 52a:	8082                	ret

0000052c <GPIO_ReadOutputDataBit>:
 52c:	4548                	lw	a0,12(a0)
 52e:	8d6d                	and	a0,a0,a1
 530:	00a03533          	snez	a0,a0
 534:	8082                	ret

00000536 <GPIO_WriteBit>:
 536:	c219                	beqz	a2,53c <GPIO_WriteBit+0x6>
 538:	c90c                	sw	a1,16(a0)
 53a:	8082                	ret
 53c:	c94c                	sw	a1,20(a0)
 53e:	8082                	ret

00000540 <NVIC_PriorityGroupConfig>:
 540:	200007b7          	lui	a5,0x20000
 544:	02a7ac23          	sw	a0,56(a5) # 20000038 <_edata>
 548:	8082                	ret

0000054a <RCC_AdjustHSICalibrationValue>:
 54a:	40021737          	lui	a4,0x40021
 54e:	431c                	lw	a5,0(a4)
 550:	050e                	slli	a0,a0,0x3
 552:	f077f793          	andi	a5,a5,-249
 556:	8d5d                	or	a0,a0,a5
 558:	c308                	sw	a0,0(a4)
 55a:	8082                	ret

0000055c <RCC_GetClocksFreq>:
 55c:	b45ff2ef          	jal	t0,a0 <__riscv_save_0>
 560:	40021737          	lui	a4,0x40021
 564:	435c                	lw	a5,4(a4)
 566:	4691                	li	a3,4
 568:	842a                	mv	s0,a0
 56a:	8bb1                	andi	a5,a5,12
 56c:	00d78563          	beq	a5,a3,576 <RCC_GetClocksFreq+0x1a>
 570:	46a1                	li	a3,8
 572:	06d78d63          	beq	a5,a3,5ec <RCC_GetClocksFreq+0x90>
 576:	016e37b7          	lui	a5,0x16e3
 57a:	60078793          	addi	a5,a5,1536 # 16e3600 <_data_lma+0x16e27bc>
 57e:	c01c                	sw	a5,0(s0)
 580:	400216b7          	lui	a3,0x40021
 584:	42dc                	lw	a5,4(a3)
 586:	8391                	srli	a5,a5,0x4
 588:	00f7f713          	andi	a4,a5,15
 58c:	200007b7          	lui	a5,0x20000
 590:	02878793          	addi	a5,a5,40 # 20000028 <APBAHBPrescTable>
 594:	97ba                	add	a5,a5,a4
 596:	238c                	lbu	a1,0(a5)
 598:	42dc                	lw	a5,4(a3)
 59a:	4018                	lw	a4,0(s0)
 59c:	0ff5f593          	andi	a1,a1,255
 5a0:	0807f793          	andi	a5,a5,128
 5a4:	00b75533          	srl	a0,a4,a1
 5a8:	e399                	bnez	a5,5ae <RCC_GetClocksFreq+0x52>
 5aa:	853a                	mv	a0,a4
 5ac:	3625                	jal	d4 <__udivsi3>
 5ae:	c048                	sw	a0,4(s0)
 5b0:	c408                	sw	a0,8(s0)
 5b2:	c448                	sw	a0,12(s0)
 5b4:	400217b7          	lui	a5,0x40021
 5b8:	43dc                	lw	a5,4(a5)
 5ba:	468d                	li	a3,3
 5bc:	83ad                	srli	a5,a5,0xb
 5be:	8bfd                	andi	a5,a5,31
 5c0:	0037d713          	srli	a4,a5,0x3
 5c4:	078a                	slli	a5,a5,0x2
 5c6:	8bf1                	andi	a5,a5,28
 5c8:	8fd9                	or	a5,a5,a4
 5ca:	0137f613          	andi	a2,a5,19
 5ce:	0037f713          	andi	a4,a5,3
 5d2:	00c6f463          	bgeu	a3,a2,5da <RCC_GetClocksFreq+0x7e>
 5d6:	ff478713          	addi	a4,a5,-12 # 40020ff4 <__global_pointer$+0x200207bc>
 5da:	200007b7          	lui	a5,0x20000
 5de:	01478793          	addi	a5,a5,20 # 20000014 <ADCPrescTable>
 5e2:	97ba                	add	a5,a5,a4
 5e4:	238c                	lbu	a1,0(a5)
 5e6:	34fd                	jal	d4 <__udivsi3>
 5e8:	c808                	sw	a0,16(s0)
 5ea:	b4c1                	j	aa <__riscv_restore_0>
 5ec:	435c                	lw	a5,4(a4)
 5ee:	02dc77b7          	lui	a5,0x2dc7
 5f2:	c0078793          	addi	a5,a5,-1024 # 2dc6c00 <_data_lma+0x2dc5dbc>
 5f6:	b761                	j	57e <RCC_GetClocksFreq+0x22>

000005f8 <RCC_APB2PeriphClockCmd>:
 5f8:	c599                	beqz	a1,606 <RCC_APB2PeriphClockCmd+0xe>
 5fa:	40021737          	lui	a4,0x40021
 5fe:	4f1c                	lw	a5,24(a4)
 600:	8d5d                	or	a0,a0,a5
 602:	cf08                	sw	a0,24(a4)
 604:	8082                	ret
 606:	400217b7          	lui	a5,0x40021
 60a:	4f98                	lw	a4,24(a5)
 60c:	fff54513          	not	a0,a0
 610:	8d79                	and	a0,a0,a4
 612:	cf88                	sw	a0,24(a5)
 614:	8082                	ret

00000616 <USART_Init>:
 616:	a8bff2ef          	jal	t0,a0 <__riscv_save_0>
 61a:	2916                	lhu	a3,16(a0)
 61c:	77f5                	lui	a5,0xffffd
 61e:	17fd                	addi	a5,a5,-1
 620:	8ff5                	and	a5,a5,a3
 622:	21f6                	lhu	a3,6(a1)
 624:	25da                	lhu	a4,12(a1)
 626:	1121                	addi	sp,sp,-24
 628:	8fd5                	or	a5,a5,a3
 62a:	a91e                	sh	a5,16(a0)
 62c:	2556                	lhu	a3,12(a0)
 62e:	77fd                	lui	a5,0xfffff
 630:	9f378793          	addi	a5,a5,-1549 # ffffe9f3 <__global_pointer$+0xdfffe1bb>
 634:	8ff5                	and	a5,a5,a3
 636:	21d6                	lhu	a3,4(a1)
 638:	842a                	mv	s0,a0
 63a:	c02e                	sw	a1,0(sp)
 63c:	8fd5                	or	a5,a5,a3
 63e:	2596                	lhu	a3,8(a1)
 640:	8fd5                	or	a5,a5,a3
 642:	25b6                	lhu	a3,10(a1)
 644:	8fd5                	or	a5,a5,a3
 646:	a55e                	sh	a5,12(a0)
 648:	295e                	lhu	a5,20(a0)
 64a:	07c2                	slli	a5,a5,0x10
 64c:	83c1                	srli	a5,a5,0x10
 64e:	cff7f793          	andi	a5,a5,-769
 652:	8f5d                	or	a4,a4,a5
 654:	a95a                	sh	a4,20(a0)
 656:	0048                	addi	a0,sp,4
 658:	3711                	jal	55c <RCC_GetClocksFreq>
 65a:	400147b7          	lui	a5,0x40014
 65e:	80078793          	addi	a5,a5,-2048 # 40013800 <__global_pointer$+0x20012fc8>
 662:	4582                	lw	a1,0(sp)
 664:	04f41d63          	bne	s0,a5,6be <USART_Init+0xa8>
 668:	47c2                	lw	a5,16(sp)
 66a:	245a                	lhu	a4,12(s0)
 66c:	00179513          	slli	a0,a5,0x1
 670:	953e                	add	a0,a0,a5
 672:	0742                	slli	a4,a4,0x10
 674:	050e                	slli	a0,a0,0x3
 676:	8741                	srai	a4,a4,0x10
 678:	953e                	add	a0,a0,a5
 67a:	418c                	lw	a1,0(a1)
 67c:	04075363          	bgez	a4,6c2 <USART_Init+0xac>
 680:	0586                	slli	a1,a1,0x1
 682:	3c89                	jal	d4 <__udivsi3>
 684:	06400593          	li	a1,100
 688:	c02a                	sw	a0,0(sp)
 68a:	34a9                	jal	d4 <__udivsi3>
 68c:	4782                	lw	a5,0(sp)
 68e:	00451493          	slli	s1,a0,0x4
 692:	06400593          	li	a1,100
 696:	853e                	mv	a0,a5
 698:	34a5                	jal	100 <__umodsi3>
 69a:	245e                	lhu	a5,12(s0)
 69c:	07c2                	slli	a5,a5,0x10
 69e:	87c1                	srai	a5,a5,0x10
 6a0:	0207d363          	bgez	a5,6c6 <USART_Init+0xb0>
 6a4:	050e                	slli	a0,a0,0x3
 6a6:	06400593          	li	a1,100
 6aa:	03250513          	addi	a0,a0,50
 6ae:	341d                	jal	d4 <__udivsi3>
 6b0:	891d                	andi	a0,a0,7
 6b2:	8cc9                	or	s1,s1,a0
 6b4:	04c2                	slli	s1,s1,0x10
 6b6:	80c1                	srli	s1,s1,0x10
 6b8:	a406                	sh	s1,8(s0)
 6ba:	0161                	addi	sp,sp,24
 6bc:	b2fd                	j	aa <__riscv_restore_0>
 6be:	47b2                	lw	a5,12(sp)
 6c0:	b76d                	j	66a <USART_Init+0x54>
 6c2:	058a                	slli	a1,a1,0x2
 6c4:	bf7d                	j	682 <USART_Init+0x6c>
 6c6:	0512                	slli	a0,a0,0x4
 6c8:	06400593          	li	a1,100
 6cc:	03250513          	addi	a0,a0,50
 6d0:	3411                	jal	d4 <__udivsi3>
 6d2:	893d                	andi	a0,a0,15
 6d4:	bff9                	j	6b2 <USART_Init+0x9c>

000006d6 <USART_Cmd>:
 6d6:	c591                	beqz	a1,6e2 <USART_Cmd+0xc>
 6d8:	255e                	lhu	a5,12(a0)
 6da:	6709                	lui	a4,0x2
 6dc:	8fd9                	or	a5,a5,a4
 6de:	a55e                	sh	a5,12(a0)
 6e0:	8082                	ret
 6e2:	255a                	lhu	a4,12(a0)
 6e4:	77f9                	lui	a5,0xffffe
 6e6:	17fd                	addi	a5,a5,-1
 6e8:	8ff9                	and	a5,a5,a4
 6ea:	bfd5                	j	6de <USART_Cmd+0x8>

000006ec <USART_SendData>:
 6ec:	1ff5f593          	andi	a1,a1,511
 6f0:	a14e                	sh	a1,4(a0)
 6f2:	8082                	ret

000006f4 <USART_GetFlagStatus>:
 6f4:	210a                	lhu	a0,0(a0)
 6f6:	8d6d                	and	a0,a0,a1
 6f8:	00a03533          	snez	a0,a0
 6fc:	8082                	ret

000006fe <Delay_Init>:
 6fe:	9a3ff2ef          	jal	t0,a0 <__riscv_save_0>
 702:	200007b7          	lui	a5,0x20000
 706:	0107a503          	lw	a0,16(a5) # 20000010 <SystemCoreClock>
 70a:	007a15b7          	lui	a1,0x7a1
 70e:	20058593          	addi	a1,a1,512 # 7a1200 <_data_lma+0x7a03bc>
 712:	32c9                	jal	d4 <__udivsi3>
 714:	0ff57513          	andi	a0,a0,255
 718:	200007b7          	lui	a5,0x20000
 71c:	02a78f23          	sb	a0,62(a5) # 2000003e <p_us>
 720:	00551793          	slli	a5,a0,0x5
 724:	8f89                	sub	a5,a5,a0
 726:	078a                	slli	a5,a5,0x2
 728:	953e                	add	a0,a0,a5
 72a:	050e                	slli	a0,a0,0x3
 72c:	200007b7          	lui	a5,0x20000
 730:	02a79e23          	sh	a0,60(a5) # 2000003c <p_ms>
 734:	ba9d                	j	aa <__riscv_restore_0>

00000736 <Delay_Ms>:
 736:	96bff2ef          	jal	t0,a0 <__riscv_save_0>
 73a:	e000f437          	lui	s0,0xe000f
 73e:	405c                	lw	a5,4(s0)
 740:	85aa                	mv	a1,a0
 742:	9bf9                	andi	a5,a5,-2
 744:	c05c                	sw	a5,4(s0)
 746:	200007b7          	lui	a5,0x20000
 74a:	03c7d503          	lhu	a0,60(a5) # 2000003c <p_ms>
 74e:	329d                	jal	b4 <__mulsi3>
 750:	c808                	sw	a0,16(s0)
 752:	00042423          	sw	zero,8(s0) # e000f008 <__global_pointer$+0xc000e7d0>
 756:	401c                	lw	a5,0(s0)
 758:	0017e793          	ori	a5,a5,1
 75c:	c01c                	sw	a5,0(s0)
 75e:	e000f7b7          	lui	a5,0xe000f
 762:	43d8                	lw	a4,4(a5)
 764:	8b05                	andi	a4,a4,1
 766:	df75                	beqz	a4,762 <Delay_Ms+0x2c>
 768:	4398                	lw	a4,0(a5)
 76a:	9b79                	andi	a4,a4,-2
 76c:	c398                	sw	a4,0(a5)
 76e:	ba35                	j	aa <__riscv_restore_0>

00000770 <USART_Printf_Init>:
 770:	931ff2ef          	jal	t0,a0 <__riscv_save_0>
 774:	842a                	mv	s0,a0
 776:	6511                	lui	a0,0x4
 778:	1111                	addi	sp,sp,-28
 77a:	4585                	li	a1,1
 77c:	02050513          	addi	a0,a0,32 # 4020 <_data_lma+0x31dc>
 780:	3da5                	jal	5f8 <RCC_APB2PeriphClockCmd>
 782:	02000793          	li	a5,32
 786:	807c                	sh	a5,0(sp)
 788:	40011537          	lui	a0,0x40011
 78c:	478d                	li	a5,3
 78e:	c23e                	sw	a5,4(sp)
 790:	858a                	mv	a1,sp
 792:	47e1                	li	a5,24
 794:	40050513          	addi	a0,a0,1024 # 40011400 <__global_pointer$+0x20010bc8>
 798:	c43e                	sw	a5,8(sp)
 79a:	3331                	jal	4a6 <GPIO_Init>
 79c:	c622                	sw	s0,12(sp)
 79e:	40014437          	lui	s0,0x40014
 7a2:	000807b7          	lui	a5,0x80
 7a6:	006c                	addi	a1,sp,12
 7a8:	80040513          	addi	a0,s0,-2048 # 40013800 <__global_pointer$+0x20012fc8>
 7ac:	ca3e                	sw	a5,20(sp)
 7ae:	c802                	sw	zero,16(sp)
 7b0:	00011c23          	sh	zero,24(sp)
 7b4:	358d                	jal	616 <USART_Init>
 7b6:	4585                	li	a1,1
 7b8:	80040513          	addi	a0,s0,-2048
 7bc:	3f29                	jal	6d6 <USART_Cmd>
 7be:	0171                	addi	sp,sp,28
 7c0:	8ebff06f          	j	aa <__riscv_restore_0>

000007c4 <_write>:
 7c4:	8ddff2ef          	jal	t0,a0 <__riscv_save_0>
 7c8:	1171                	addi	sp,sp,-4
 7ca:	84ae                	mv	s1,a1
 7cc:	4401                	li	s0,0
 7ce:	02c45d63          	bge	s0,a2,808 <_write+0x44>
 7d2:	400147b7          	lui	a5,0x40014
 7d6:	80078713          	addi	a4,a5,-2048 # 40013800 <__global_pointer$+0x20012fc8>
 7da:	853a                	mv	a0,a4
 7dc:	04000593          	li	a1,64
 7e0:	c032                	sw	a2,0(sp)
 7e2:	3f09                	jal	6f4 <USART_GetFlagStatus>
 7e4:	400147b7          	lui	a5,0x40014
 7e8:	80078713          	addi	a4,a5,-2048 # 40013800 <__global_pointer$+0x20012fc8>
 7ec:	4602                	lw	a2,0(sp)
 7ee:	d575                	beqz	a0,7da <_write+0x16>
 7f0:	00848733          	add	a4,s1,s0
 7f4:	00070583          	lb	a1,0(a4) # 2000 <_data_lma+0x11bc>
 7f8:	80078513          	addi	a0,a5,-2048
 7fc:	0405                	addi	s0,s0,1
 7fe:	05c2                	slli	a1,a1,0x10
 800:	81c1                	srli	a1,a1,0x10
 802:	35ed                	jal	6ec <USART_SendData>
 804:	4602                	lw	a2,0(sp)
 806:	b7e1                	j	7ce <_write+0xa>
 808:	8532                	mv	a0,a2
 80a:	0111                	addi	sp,sp,4
 80c:	89fff06f          	j	aa <__riscv_restore_0>

00000810 <printchar>:
 810:	1141                	addi	sp,sp,-16
 812:	c606                	sw	ra,12(sp)
 814:	c02e                	sw	a1,0(sp)
 816:	cd0d                	beqz	a0,850 <printchar+0x40>
 818:	4118                	lw	a4,0(a0)
 81a:	87aa                	mv	a5,a0
 81c:	c305                	beqz	a4,83c <printchar+0x2c>
 81e:	4158                	lw	a4,4(a0)
 820:	557d                	li	a0,-1
 822:	cb11                	beqz	a4,836 <printchar+0x26>
 824:	4685                	li	a3,1
 826:	00d71b63          	bne	a4,a3,83c <printchar+0x2c>
 82a:	4798                	lw	a4,8(a5)
 82c:	00070023          	sb	zero,0(a4)
 830:	0007a223          	sw	zero,4(a5)
 834:	4505                	li	a0,1
 836:	40b2                	lw	ra,12(sp)
 838:	0141                	addi	sp,sp,16
 83a:	8082                	ret
 83c:	4798                	lw	a4,8(a5)
 83e:	4682                	lw	a3,0(sp)
 840:	a314                	sb	a3,0(a4)
 842:	4798                	lw	a4,8(a5)
 844:	0705                	addi	a4,a4,1
 846:	c798                	sw	a4,8(a5)
 848:	43d8                	lw	a4,4(a5)
 84a:	177d                	addi	a4,a4,-1
 84c:	c3d8                	sw	a4,4(a5)
 84e:	b7dd                	j	834 <printchar+0x24>
 850:	4605                	li	a2,1
 852:	858a                	mv	a1,sp
 854:	3f85                	jal	7c4 <_write>
 856:	bff9                	j	834 <printchar+0x24>

00000858 <prints>:
 858:	1101                	addi	sp,sp,-32
 85a:	cc22                	sw	s0,24(sp)
 85c:	c22e                	sw	a1,4(sp)
 85e:	ce06                	sw	ra,28(sp)
 860:	ca26                	sw	s1,20(sp)
 862:	842a                	mv	s0,a0
 864:	4781                	li	a5,0
 866:	02000593          	li	a1,32
 86a:	02064563          	bltz	a2,894 <prints+0x3c>
 86e:	4592                	lw	a1,4(sp)
 870:	95be                	add	a1,a1,a5
 872:	00058583          	lb	a1,0(a1)
 876:	e58d                	bnez	a1,8a0 <prints+0x48>
 878:	02c7d863          	bge	a5,a2,8a8 <prints+0x50>
 87c:	02e7d463          	bge	a5,a4,8a4 <prints+0x4c>
 880:	8e19                	sub	a2,a2,a4
 882:	02000513          	li	a0,32
 886:	0026f593          	andi	a1,a3,2
 88a:	c02a                	sw	a0,0(sp)
 88c:	c589                	beqz	a1,896 <prints+0x3e>
 88e:	e701                	bnez	a4,896 <prints+0x3e>
 890:	03000593          	li	a1,48
 894:	c02e                	sw	a1,0(sp)
 896:	8a85                	andi	a3,a3,1
 898:	4481                	li	s1,0
 89a:	ea95                	bnez	a3,8ce <prints+0x76>
 89c:	84b2                	mv	s1,a2
 89e:	a00d                	j	8c0 <prints+0x68>
 8a0:	0785                	addi	a5,a5,1
 8a2:	b7f1                	j	86e <prints+0x16>
 8a4:	8e1d                	sub	a2,a2,a5
 8a6:	bff1                	j	882 <prints+0x2a>
 8a8:	4601                	li	a2,0
 8aa:	bfe1                	j	882 <prints+0x2a>
 8ac:	4582                	lw	a1,0(sp)
 8ae:	8522                	mv	a0,s0
 8b0:	c83a                	sw	a4,16(sp)
 8b2:	c632                	sw	a2,12(sp)
 8b4:	c43e                	sw	a5,8(sp)
 8b6:	3fa9                	jal	810 <printchar>
 8b8:	47a2                	lw	a5,8(sp)
 8ba:	4632                	lw	a2,12(sp)
 8bc:	4742                	lw	a4,16(sp)
 8be:	14fd                	addi	s1,s1,-1
 8c0:	fe9046e3          	bgtz	s1,8ac <prints+0x54>
 8c4:	84b2                	mv	s1,a2
 8c6:	00065363          	bgez	a2,8cc <prints+0x74>
 8ca:	4481                	li	s1,0
 8cc:	8e05                	sub	a2,a2,s1
 8ce:	02e7c763          	blt	a5,a4,8fc <prints+0xa4>
 8d2:	87a6                	mv	a5,s1
 8d4:	4692                	lw	a3,4(sp)
 8d6:	40978733          	sub	a4,a5,s1
 8da:	9736                	add	a4,a4,a3
 8dc:	00070583          	lb	a1,0(a4)
 8e0:	ed95                	bnez	a1,91c <prints+0xc4>
 8e2:	84b2                	mv	s1,a2
 8e4:	04904463          	bgtz	s1,92c <prints+0xd4>
 8e8:	00065363          	bgez	a2,8ee <prints+0x96>
 8ec:	4601                	li	a2,0
 8ee:	40f2                	lw	ra,28(sp)
 8f0:	4462                	lw	s0,24(sp)
 8f2:	44d2                	lw	s1,20(sp)
 8f4:	00f60533          	add	a0,a2,a5
 8f8:	6105                	addi	sp,sp,32
 8fa:	8082                	ret
 8fc:	8f1d                	sub	a4,a4,a5
 8fe:	87ba                	mv	a5,a4
 900:	03000593          	li	a1,48
 904:	8522                	mv	a0,s0
 906:	c832                	sw	a2,16(sp)
 908:	c63e                	sw	a5,12(sp)
 90a:	c43a                	sw	a4,8(sp)
 90c:	3711                	jal	810 <printchar>
 90e:	47b2                	lw	a5,12(sp)
 910:	4722                	lw	a4,8(sp)
 912:	4642                	lw	a2,16(sp)
 914:	17fd                	addi	a5,a5,-1
 916:	f7ed                	bnez	a5,900 <prints+0xa8>
 918:	94ba                	add	s1,s1,a4
 91a:	bf65                	j	8d2 <prints+0x7a>
 91c:	8522                	mv	a0,s0
 91e:	c632                	sw	a2,12(sp)
 920:	c43e                	sw	a5,8(sp)
 922:	35fd                	jal	810 <printchar>
 924:	47a2                	lw	a5,8(sp)
 926:	4632                	lw	a2,12(sp)
 928:	0785                	addi	a5,a5,1
 92a:	b76d                	j	8d4 <prints+0x7c>
 92c:	4582                	lw	a1,0(sp)
 92e:	8522                	mv	a0,s0
 930:	c432                	sw	a2,8(sp)
 932:	c23e                	sw	a5,4(sp)
 934:	3df1                	jal	810 <printchar>
 936:	14fd                	addi	s1,s1,-1
 938:	4622                	lw	a2,8(sp)
 93a:	4792                	lw	a5,4(sp)
 93c:	b765                	j	8e4 <prints+0x8c>

0000093e <printInt>:
 93e:	7139                	addi	sp,sp,-64
 940:	de06                	sw	ra,60(sp)
 942:	dc22                	sw	s0,56(sp)
 944:	da26                	sw	s1,52(sp)
 946:	c23e                	sw	a5,4(sp)
 948:	8332                	mv	t1,a2
 94a:	863a                	mv	a2,a4
 94c:	ed89                	bnez	a1,966 <printInt+0x28>
 94e:	4692                	lw	a3,4(sp)
 950:	03000793          	li	a5,48
 954:	4701                	li	a4,0
 956:	086c                	addi	a1,sp,28
 958:	86fc                	sh	a5,28(sp)
 95a:	3dfd                	jal	858 <prints>
 95c:	50f2                	lw	ra,60(sp)
 95e:	5462                	lw	s0,56(sp)
 960:	54d2                	lw	s1,52(sp)
 962:	6121                	addi	sp,sp,64
 964:	8082                	ret
 966:	84aa                	mv	s1,a0
 968:	8436                	mv	s0,a3
 96a:	87ae                	mv	a5,a1
 96c:	ca91                	beqz	a3,980 <printInt+0x42>
 96e:	4729                	li	a4,10
 970:	4401                	li	s0,0
 972:	00e31763          	bne	t1,a4,980 <printInt+0x42>
 976:	0005d563          	bgez	a1,980 <printInt+0x42>
 97a:	40b007b3          	neg	a5,a1
 97e:	4405                	li	s0,1
 980:	4686                	lw	a3,64(sp)
 982:	020109a3          	sb	zero,51(sp)
 986:	03310713          	addi	a4,sp,51
 98a:	fc668693          	addi	a3,a3,-58 # 40020fc6 <__global_pointer$+0x2002078e>
 98e:	c436                	sw	a3,8(sp)
 990:	859a                	mv	a1,t1
 992:	853e                	mv	a0,a5
 994:	ca32                	sw	a2,20(sp)
 996:	c83a                	sw	a4,16(sp)
 998:	c61a                	sw	t1,12(sp)
 99a:	c03e                	sw	a5,0(sp)
 99c:	f64ff0ef          	jal	ra,100 <__umodsi3>
 9a0:	46a5                	li	a3,9
 9a2:	4782                	lw	a5,0(sp)
 9a4:	4332                	lw	t1,12(sp)
 9a6:	4742                	lw	a4,16(sp)
 9a8:	4652                	lw	a2,20(sp)
 9aa:	00a6d463          	bge	a3,a0,9b2 <printInt+0x74>
 9ae:	46a2                	lw	a3,8(sp)
 9b0:	9536                	add	a0,a0,a3
 9b2:	03050513          	addi	a0,a0,48
 9b6:	fff70693          	addi	a3,a4,-1
 9ba:	fea70fa3          	sb	a0,-1(a4)
 9be:	859a                	mv	a1,t1
 9c0:	853e                	mv	a0,a5
 9c2:	cc32                	sw	a2,24(sp)
 9c4:	ca3a                	sw	a4,20(sp)
 9c6:	c81a                	sw	t1,16(sp)
 9c8:	c63e                	sw	a5,12(sp)
 9ca:	c036                	sw	a3,0(sp)
 9cc:	f08ff0ef          	jal	ra,d4 <__udivsi3>
 9d0:	47b2                	lw	a5,12(sp)
 9d2:	4342                	lw	t1,16(sp)
 9d4:	4752                	lw	a4,20(sp)
 9d6:	4662                	lw	a2,24(sp)
 9d8:	0467f963          	bgeu	a5,t1,a2a <printInt+0xec>
 9dc:	cc01                	beqz	s0,9f4 <printInt+0xb6>
 9de:	ca29                	beqz	a2,a30 <printInt+0xf2>
 9e0:	4792                	lw	a5,4(sp)
 9e2:	8b89                	andi	a5,a5,2
 9e4:	c7b1                	beqz	a5,a30 <printInt+0xf2>
 9e6:	02d00593          	li	a1,45
 9ea:	8526                	mv	a0,s1
 9ec:	c432                	sw	a2,8(sp)
 9ee:	350d                	jal	810 <printchar>
 9f0:	4622                	lw	a2,8(sp)
 9f2:	167d                	addi	a2,a2,-1
 9f4:	4792                	lw	a5,4(sp)
 9f6:	8b91                	andi	a5,a5,4
 9f8:	c395                	beqz	a5,a1c <printInt+0xde>
 9fa:	4706                	lw	a4,64(sp)
 9fc:	06100793          	li	a5,97
 a00:	c432                	sw	a2,8(sp)
 a02:	03000593          	li	a1,48
 a06:	8526                	mv	a0,s1
 a08:	02f71e63          	bne	a4,a5,a44 <printInt+0x106>
 a0c:	3511                	jal	810 <printchar>
 a0e:	07800593          	li	a1,120
 a12:	8526                	mv	a0,s1
 a14:	3bf5                	jal	810 <printchar>
 a16:	4622                	lw	a2,8(sp)
 a18:	0409                	addi	s0,s0,2
 a1a:	1679                	addi	a2,a2,-2
 a1c:	4716                	lw	a4,68(sp)
 a1e:	4692                	lw	a3,4(sp)
 a20:	4582                	lw	a1,0(sp)
 a22:	8526                	mv	a0,s1
 a24:	3d15                	jal	858 <prints>
 a26:	9522                	add	a0,a0,s0
 a28:	bf15                	j	95c <printInt+0x1e>
 a2a:	87aa                	mv	a5,a0
 a2c:	4702                	lw	a4,0(sp)
 a2e:	b78d                	j	990 <printInt+0x52>
 a30:	4682                	lw	a3,0(sp)
 a32:	02d00793          	li	a5,45
 a36:	4401                	li	s0,0
 a38:	fef68fa3          	sb	a5,-1(a3)
 a3c:	ffe70793          	addi	a5,a4,-2
 a40:	c03e                	sw	a5,0(sp)
 a42:	bf4d                	j	9f4 <printInt+0xb6>
 a44:	33f1                	jal	810 <printchar>
 a46:	05800593          	li	a1,88
 a4a:	b7e1                	j	a12 <printInt+0xd4>

00000a4c <printLongLongInt>:
 a4c:	4501                	li	a0,0
 a4e:	8082                	ret

00000a50 <printDouble>:
 a50:	4501                	li	a0,0
 a52:	8082                	ret

00000a54 <print>:
 a54:	fd810113          	addi	sp,sp,-40
 a58:	d022                	sw	s0,32(sp)
 a5a:	ce26                	sw	s1,28(sp)
 a5c:	d206                	sw	ra,36(sp)
 a5e:	c42a                	sw	a0,8(sp)
 a60:	82ae                	mv	t0,a1
 a62:	8432                	mv	s0,a2
 a64:	c602                	sw	zero,12(sp)
 a66:	4481                	li	s1,0
 a68:	00028583          	lb	a1,0(t0)
 a6c:	ed89                	bnez	a1,a86 <print+0x32>
 a6e:	47a2                	lw	a5,8(sp)
 a70:	c781                	beqz	a5,a78 <print+0x24>
 a72:	4581                	li	a1,0
 a74:	853e                	mv	a0,a5
 a76:	3b69                	jal	810 <printchar>
 a78:	5092                	lw	ra,36(sp)
 a7a:	5402                	lw	s0,32(sp)
 a7c:	8526                	mv	a0,s1
 a7e:	44f2                	lw	s1,28(sp)
 a80:	02810113          	addi	sp,sp,40
 a84:	8082                	ret
 a86:	02500793          	li	a5,37
 a8a:	00f58863          	beq	a1,a5,a9a <print+0x46>
 a8e:	4522                	lw	a0,8(sp)
 a90:	c816                	sw	t0,16(sp)
 a92:	0485                	addi	s1,s1,1
 a94:	3bb5                	jal	810 <printchar>
 a96:	42c2                	lw	t0,16(sp)
 a98:	a839                	j	ab6 <print+0x62>
 a9a:	00128783          	lb	a5,1(t0)
 a9e:	00128713          	addi	a4,t0,1
 aa2:	00b79c63          	bne	a5,a1,aba <print+0x66>
 aa6:	4522                	lw	a0,8(sp)
 aa8:	02500593          	li	a1,37
 aac:	c83a                	sw	a4,16(sp)
 aae:	338d                	jal	810 <printchar>
 ab0:	4742                	lw	a4,16(sp)
 ab2:	0485                	addi	s1,s1,1
 ab4:	82ba                	mv	t0,a4
 ab6:	0285                	addi	t0,t0,1
 ab8:	bf45                	j	a68 <print+0x14>
 aba:	dbd5                	beqz	a5,a6e <print+0x1a>
 abc:	02b00693          	li	a3,43
 ac0:	04d78963          	beq	a5,a3,b12 <print+0xbe>
 ac4:	00f6c863          	blt	a3,a5,ad4 <print+0x80>
 ac8:	02300693          	li	a3,35
 acc:	04d78663          	beq	a5,a3,b18 <print+0xc4>
 ad0:	4781                	li	a5,0
 ad2:	a005                	j	af2 <print+0x9e>
 ad4:	02d00693          	li	a3,45
 ad8:	00d78a63          	beq	a5,a3,aec <print+0x98>
 adc:	03000693          	li	a3,48
 ae0:	fed798e3          	bne	a5,a3,ad0 <print+0x7c>
 ae4:	00228713          	addi	a4,t0,2
 ae8:	4789                	li	a5,2
 aea:	a021                	j	af2 <print+0x9e>
 aec:	00228713          	addi	a4,t0,2
 af0:	4785                	li	a5,1
 af2:	00070683          	lb	a3,0(a4)
 af6:	02b00613          	li	a2,43
 afa:	04c68363          	beq	a3,a2,b40 <print+0xec>
 afe:	02d64163          	blt	a2,a3,b20 <print+0xcc>
 b02:	02300613          	li	a2,35
 b06:	02c68b63          	beq	a3,a2,b3c <print+0xe8>
 b0a:	82ba                	mv	t0,a4
 b0c:	4501                	li	a0,0
 b0e:	46a5                	li	a3,9
 b10:	a081                	j	b50 <print+0xfc>
 b12:	00228713          	addi	a4,t0,2
 b16:	bf6d                	j	ad0 <print+0x7c>
 b18:	00228713          	addi	a4,t0,2
 b1c:	4791                	li	a5,4
 b1e:	bfd1                	j	af2 <print+0x9e>
 b20:	02d00613          	li	a2,45
 b24:	00c68963          	beq	a3,a2,b36 <print+0xe2>
 b28:	03000613          	li	a2,48
 b2c:	fcc69fe3          	bne	a3,a2,b0a <print+0xb6>
 b30:	0027e793          	ori	a5,a5,2
 b34:	a031                	j	b40 <print+0xec>
 b36:	0705                	addi	a4,a4,1
 b38:	4785                	li	a5,1
 b3a:	bfc1                	j	b0a <print+0xb6>
 b3c:	0047e793          	ori	a5,a5,4
 b40:	0705                	addi	a4,a4,1
 b42:	b7e1                	j	b0a <print+0xb6>
 b44:	00251613          	slli	a2,a0,0x2
 b48:	9532                	add	a0,a0,a2
 b4a:	0506                	slli	a0,a0,0x1
 b4c:	953a                	add	a0,a0,a4
 b4e:	0285                	addi	t0,t0,1
 b50:	00028603          	lb	a2,0(t0)
 b54:	fd060713          	addi	a4,a2,-48
 b58:	0ff77593          	andi	a1,a4,255
 b5c:	feb6f4e3          	bgeu	a3,a1,b44 <print+0xf0>
 b60:	02e00713          	li	a4,46
 b64:	4699                	li	a3,6
 b66:	00e61e63          	bne	a2,a4,b82 <print+0x12e>
 b6a:	0285                	addi	t0,t0,1
 b6c:	4681                	li	a3,0
 b6e:	45a5                	li	a1,9
 b70:	00028603          	lb	a2,0(t0)
 b74:	fd060613          	addi	a2,a2,-48
 b78:	0ff67713          	andi	a4,a2,255
 b7c:	02e5f563          	bgeu	a1,a4,ba6 <print+0x152>
 b80:	c636                	sw	a3,12(sp)
 b82:	00028703          	lb	a4,0(t0)
 b86:	06a00613          	li	a2,106
 b8a:	0ac70d63          	beq	a4,a2,c44 <print+0x1f0>
 b8e:	02e64363          	blt	a2,a4,bb4 <print+0x160>
 b92:	04c00613          	li	a2,76
 b96:	0ac70763          	beq	a4,a2,c44 <print+0x1f0>
 b9a:	06800613          	li	a2,104
 b9e:	08c70c63          	beq	a4,a2,c36 <print+0x1e2>
 ba2:	4581                	li	a1,0
 ba4:	a82d                	j	bde <print+0x18a>
 ba6:	00269713          	slli	a4,a3,0x2
 baa:	96ba                	add	a3,a3,a4
 bac:	0686                	slli	a3,a3,0x1
 bae:	96b2                	add	a3,a3,a2
 bb0:	0285                	addi	t0,t0,1
 bb2:	bf7d                	j	b70 <print+0x11c>
 bb4:	07400613          	li	a2,116
 bb8:	08c70663          	beq	a4,a2,c44 <print+0x1f0>
 bbc:	07a00613          	li	a2,122
 bc0:	08c70263          	beq	a4,a2,c44 <print+0x1f0>
 bc4:	06c00613          	li	a2,108
 bc8:	4581                	li	a1,0
 bca:	00c71a63          	bne	a4,a2,bde <print+0x18a>
 bce:	00128603          	lb	a2,1(t0)
 bd2:	458d                	li	a1,3
 bd4:	00e61463          	bne	a2,a4,bdc <print+0x188>
 bd8:	0285                	addi	t0,t0,1
 bda:	4591                	li	a1,4
 bdc:	0285                	addi	t0,t0,1
 bde:	00028603          	lb	a2,0(t0)
 be2:	06000393          	li	t2,96
 be6:	06100713          	li	a4,97
 bea:	00c3c463          	blt	t2,a2,bf2 <print+0x19e>
 bee:	04100713          	li	a4,65
 bf2:	06700393          	li	t2,103
 bf6:	06c3c463          	blt	t2,a2,c5e <print+0x20a>
 bfa:	06500393          	li	t2,101
 bfe:	18765363          	bge	a2,t2,d84 <print+0x330>
 c02:	04700393          	li	t2,71
 c06:	04c3c163          	blt	t2,a2,c48 <print+0x1f4>
 c0a:	04500593          	li	a1,69
 c0e:	16b65b63          	bge	a2,a1,d84 <print+0x330>
 c12:	04300713          	li	a4,67
 c16:	eae610e3          	bne	a2,a4,ab6 <print+0x62>
 c1a:	4018                	lw	a4,0(s0)
 c1c:	00440393          	addi	t2,s0,4
 c20:	ca16                	sw	t0,20(sp)
 c22:	00e10c23          	sb	a4,24(sp)
 c26:	c81e                	sw	t2,16(sp)
 c28:	00010ca3          	sb	zero,25(sp)
 c2c:	4701                	li	a4,0
 c2e:	86be                	mv	a3,a5
 c30:	862a                	mv	a2,a0
 c32:	082c                	addi	a1,sp,24
 c34:	a849                	j	cc6 <print+0x272>
 c36:	00128603          	lb	a2,1(t0)
 c3a:	4581                	li	a1,0
 c3c:	fae611e3          	bne	a2,a4,bde <print+0x18a>
 c40:	0289                	addi	t0,t0,2
 c42:	bf71                	j	bde <print+0x18a>
 c44:	0285                	addi	t0,t0,1
 c46:	bfb1                	j	ba2 <print+0x14e>
 c48:	06300693          	li	a3,99
 c4c:	fcd607e3          	beq	a2,a3,c1a <print+0x1c6>
 c50:	06c6ce63          	blt	a3,a2,ccc <print+0x278>
 c54:	05800693          	li	a3,88
 c58:	02d60363          	beq	a2,a3,c7e <print+0x22a>
 c5c:	bda9                	j	ab6 <print+0x62>
 c5e:	07300693          	li	a3,115
 c62:	04d60463          	beq	a2,a3,caa <print+0x256>
 c66:	02c6cb63          	blt	a3,a2,c9c <print+0x248>
 c6a:	06f00693          	li	a3,111
 c6e:	0ed60263          	beq	a2,a3,d52 <print+0x2fe>
 c72:	07000693          	li	a3,112
 c76:	0047e793          	ori	a5,a5,4
 c7a:	e2d61ee3          	bne	a2,a3,ab6 <print+0x62>
 c7e:	4691                	li	a3,4
 c80:	0ad59f63          	bne	a1,a3,d3e <print+0x2ea>
 c84:	00840393          	addi	t2,s0,8
 c88:	400c                	lw	a1,0(s0)
 c8a:	4050                	lw	a2,4(s0)
 c8c:	ca16                	sw	t0,20(sp)
 c8e:	c23a                	sw	a4,4(sp)
 c90:	c03e                	sw	a5,0(sp)
 c92:	c81e                	sw	t2,16(sp)
 c94:	87aa                	mv	a5,a0
 c96:	4701                	li	a4,0
 c98:	46c1                	li	a3,16
 c9a:	a0b9                	j	ce8 <print+0x294>
 c9c:	07500693          	li	a3,117
 ca0:	06d60863          	beq	a2,a3,d10 <print+0x2bc>
 ca4:	07800693          	li	a3,120
 ca8:	bf45                	j	c58 <print+0x204>
 caa:	4018                	lw	a4,0(s0)
 cac:	000016b7          	lui	a3,0x1
 cb0:	00440393          	addi	t2,s0,4
 cb4:	e3c68593          	addi	a1,a3,-452 # e3c <puts+0x74>
 cb8:	c311                	beqz	a4,cbc <print+0x268>
 cba:	85ba                	mv	a1,a4
 cbc:	4732                	lw	a4,12(sp)
 cbe:	ca16                	sw	t0,20(sp)
 cc0:	c81e                	sw	t2,16(sp)
 cc2:	86be                	mv	a3,a5
 cc4:	862a                	mv	a2,a0
 cc6:	4522                	lw	a0,8(sp)
 cc8:	3e41                	jal	858 <prints>
 cca:	a00d                	j	cec <print+0x298>
 ccc:	4691                	li	a3,4
 cce:	02d59463          	bne	a1,a3,cf6 <print+0x2a2>
 cd2:	00840393          	addi	t2,s0,8
 cd6:	400c                	lw	a1,0(s0)
 cd8:	4050                	lw	a2,4(s0)
 cda:	ca16                	sw	t0,20(sp)
 cdc:	c23a                	sw	a4,4(sp)
 cde:	c03e                	sw	a5,0(sp)
 ce0:	c81e                	sw	t2,16(sp)
 ce2:	87aa                	mv	a5,a0
 ce4:	4705                	li	a4,1
 ce6:	46a9                	li	a3,10
 ce8:	4522                	lw	a0,8(sp)
 cea:	338d                	jal	a4c <printLongLongInt>
 cec:	43c2                	lw	t2,16(sp)
 cee:	94aa                	add	s1,s1,a0
 cf0:	841e                	mv	s0,t2
 cf2:	42d2                	lw	t0,20(sp)
 cf4:	b3c9                	j	ab6 <print+0x62>
 cf6:	46b2                	lw	a3,12(sp)
 cf8:	400c                	lw	a1,0(s0)
 cfa:	c816                	sw	t0,16(sp)
 cfc:	c236                	sw	a3,4(sp)
 cfe:	c03a                	sw	a4,0(sp)
 d00:	0411                	addi	s0,s0,4
 d02:	872a                	mv	a4,a0
 d04:	4685                	li	a3,1
 d06:	4629                	li	a2,10
 d08:	4522                	lw	a0,8(sp)
 d0a:	3915                	jal	93e <printInt>
 d0c:	94aa                	add	s1,s1,a0
 d0e:	b361                	j	a96 <print+0x42>
 d10:	4691                	li	a3,4
 d12:	00d59d63          	bne	a1,a3,d2c <print+0x2d8>
 d16:	00840393          	addi	t2,s0,8
 d1a:	400c                	lw	a1,0(s0)
 d1c:	4050                	lw	a2,4(s0)
 d1e:	ca16                	sw	t0,20(sp)
 d20:	c23a                	sw	a4,4(sp)
 d22:	c03e                	sw	a5,0(sp)
 d24:	c81e                	sw	t2,16(sp)
 d26:	87aa                	mv	a5,a0
 d28:	4701                	li	a4,0
 d2a:	bf75                	j	ce6 <print+0x292>
 d2c:	46b2                	lw	a3,12(sp)
 d2e:	400c                	lw	a1,0(s0)
 d30:	c816                	sw	t0,16(sp)
 d32:	c236                	sw	a3,4(sp)
 d34:	c03a                	sw	a4,0(sp)
 d36:	0411                	addi	s0,s0,4
 d38:	872a                	mv	a4,a0
 d3a:	4681                	li	a3,0
 d3c:	b7e9                	j	d06 <print+0x2b2>
 d3e:	46b2                	lw	a3,12(sp)
 d40:	c816                	sw	t0,16(sp)
 d42:	400c                	lw	a1,0(s0)
 d44:	4641                	li	a2,16
 d46:	c236                	sw	a3,4(sp)
 d48:	c03a                	sw	a4,0(sp)
 d4a:	0411                	addi	s0,s0,4
 d4c:	872a                	mv	a4,a0
 d4e:	4681                	li	a3,0
 d50:	bf65                	j	d08 <print+0x2b4>
 d52:	4691                	li	a3,4
 d54:	00d59e63          	bne	a1,a3,d70 <print+0x31c>
 d58:	00840393          	addi	t2,s0,8
 d5c:	400c                	lw	a1,0(s0)
 d5e:	4050                	lw	a2,4(s0)
 d60:	ca16                	sw	t0,20(sp)
 d62:	c23a                	sw	a4,4(sp)
 d64:	c03e                	sw	a5,0(sp)
 d66:	c81e                	sw	t2,16(sp)
 d68:	87aa                	mv	a5,a0
 d6a:	4701                	li	a4,0
 d6c:	46a1                	li	a3,8
 d6e:	bfad                	j	ce8 <print+0x294>
 d70:	46b2                	lw	a3,12(sp)
 d72:	400c                	lw	a1,0(s0)
 d74:	c816                	sw	t0,16(sp)
 d76:	c236                	sw	a3,4(sp)
 d78:	c03a                	sw	a4,0(sp)
 d7a:	0411                	addi	s0,s0,4
 d7c:	872a                	mv	a4,a0
 d7e:	4681                	li	a3,0
 d80:	4621                	li	a2,8
 d82:	b759                	j	d08 <print+0x2b4>
 d84:	400c                	lw	a1,0(s0)
 d86:	00840613          	addi	a2,s0,8
 d8a:	4040                	lw	s0,4(s0)
 d8c:	c23a                	sw	a4,4(sp)
 d8e:	872a                	mv	a4,a0
 d90:	4522                	lw	a0,8(sp)
 d92:	c832                	sw	a2,16(sp)
 d94:	c03e                	sw	a5,0(sp)
 d96:	8622                	mv	a2,s0
 d98:	87b6                	mv	a5,a3
 d9a:	46a9                	li	a3,10
 d9c:	ca16                	sw	t0,20(sp)
 d9e:	394d                	jal	a50 <printDouble>
 da0:	94aa                	add	s1,s1,a0
 da2:	4442                	lw	s0,16(sp)
 da4:	b7b9                	j	cf2 <print+0x29e>

00000da6 <printf>:
 da6:	fdc10113          	addi	sp,sp,-36
 daa:	c82e                	sw	a1,16(sp)
 dac:	ca32                	sw	a2,20(sp)
 dae:	85aa                	mv	a1,a0
 db0:	0810                	addi	a2,sp,16
 db2:	4501                	li	a0,0
 db4:	c606                	sw	ra,12(sp)
 db6:	cc36                	sw	a3,24(sp)
 db8:	ce3a                	sw	a4,28(sp)
 dba:	d03e                	sw	a5,32(sp)
 dbc:	c032                	sw	a2,0(sp)
 dbe:	3959                	jal	a54 <print>
 dc0:	40b2                	lw	ra,12(sp)
 dc2:	02410113          	addi	sp,sp,36
 dc6:	8082                	ret

00000dc8 <puts>:
 dc8:	1141                	addi	sp,sp,-16
 dca:	c422                	sw	s0,8(sp)
 dcc:	c226                	sw	s1,4(sp)
 dce:	c606                	sw	ra,12(sp)
 dd0:	211c                	lbu	a5,0(a0)
 dd2:	84aa                	mv	s1,a0
 dd4:	4401                	li	s0,0
 dd6:	81dc                	sb	a5,3(sp)
 dd8:	00310783          	lb	a5,3(sp)
 ddc:	0405                	addi	s0,s0,1
 dde:	ef99                	bnez	a5,dfc <puts+0x34>
 de0:	47a9                	li	a5,10
 de2:	00310593          	addi	a1,sp,3
 de6:	4605                	li	a2,1
 de8:	4501                	li	a0,0
 dea:	81dc                	sb	a5,3(sp)
 dec:	9d9ff0ef          	jal	ra,7c4 <_write>
 df0:	8522                	mv	a0,s0
 df2:	40b2                	lw	ra,12(sp)
 df4:	4422                	lw	s0,8(sp)
 df6:	4492                	lw	s1,4(sp)
 df8:	0141                	addi	sp,sp,16
 dfa:	8082                	ret
 dfc:	4605                	li	a2,1
 dfe:	00310593          	addi	a1,sp,3
 e02:	4501                	li	a0,0
 e04:	9c1ff0ef          	jal	ra,7c4 <_write>
 e08:	008487b3          	add	a5,s1,s0
 e0c:	239c                	lbu	a5,0(a5)
 e0e:	81dc                	sb	a5,3(sp)
 e10:	b7e1                	j	dd8 <puts+0x10>
 e12:	0000                	unimp
 e14:	74737953          	0x74737953
 e18:	6d65                	lui	s10,0x19
 e1a:	3a6b6c43          	fmadd.d	fs8,fs6,ft6,ft7,unknown
 e1e:	2520                	lbu	s0,10(a0)
 e20:	0d64                	addi	s1,sp,668
 e22:	000a                	c.slli	zero,0x2
 e24:	70696843          	fmadd.s	fa6,fs2,ft6,fa4,unknown
 e28:	4449                	li	s0,18
 e2a:	203a                	lhu	a4,2(s0)
 e2c:	3025                	jal	654 <USART_Init+0x3e>
 e2e:	7838                	flw	fa4,112(s0)
 e30:	0a0d                	addi	s4,s4,3
 e32:	0000                	unimp
 e34:	00000d2b          	0xd2b
 e38:	0d2d                	addi	s10,s10,11
 e3a:	0000                	unimp
 e3c:	6e28                	flw	fa0,88(a2)
 e3e:	6c75                	lui	s8,0x1d
 e40:	296c                	lbu	a1,22(a0)
	...
